#-----------------------------------------------------------
# Vivado v2023.2 (64-bit)
# SW Build 4029153 on Fri Oct 13 20:14:34 MDT 2023
# IP Build 4028589 on Sat Oct 14 00:45:43 MDT 2023
# SharedData Build 4025554 on Tue Oct 10 17:18:54 MDT 2023
# Start of session at: Fri May 16 18:31:46 2025
# Process ID: 22032
# Current directory: D:/Documents/RISCV_PROJE/Hornet_RISC-V/test/riscv-dv/out_2025-05-16
# Command line: vivado.exe -mode batch -source run_sim.tcl -notrace
# Log file: D:/Documents/RISCV_PROJE/Hornet_RISC-V/test/riscv-dv/out_2025-05-16/vivado.log
# Journal file: D:/Documents/RISCV_PROJE/Hornet_RISC-V/test/riscv-dv/out_2025-05-16\vivado.jou
# Running On: DESKTOP-SMT4I8Q, OS: Windows, CPU Frequency: 3500 MHz, CPU Physical cores: 12, Host memory: 17090 MB
#-----------------------------------------------------------
source run_sim.tcl -notrace
open_wave_config {D:/Documents/RISCV_PROJE/Hornet_RISC-V/HornetRISCV-vivado/HornetRISCV-vivado.srcs/sim_1/imports/Hornet RISC-V/HornetRISCV-vivado/barebones_top_tb_behav.wcfg}
source barebones_top_tb.tcl
