#-----------------------------------------------------------
# Vivado v2025.2 (64-bit)
# SW Build 6299465 on Fri Nov 14 12:34:56 MST 2025
# IP Build 6300035 on Fri Nov 14 10:48:45 MST 2025
# SharedData Build 6298862 on Thu Nov 13 04:50:51 MST 2025
# Start of session at: Mon Mar  9 21:55:30 2026
# Process ID         : 281856
# Current directory  : /run/media/mkaan/HDD1/Documents/RISCV_PROJE/Hornet_RISC-V/test/fputest3
# Command line       : vivado -mode batch -source run_sim.tcl -notrace
# Log file           : /run/media/mkaan/HDD1/Documents/RISCV_PROJE/Hornet_RISC-V/test/fputest3/vivado.log
# Journal file       : /run/media/mkaan/HDD1/Documents/RISCV_PROJE/Hornet_RISC-V/test/fputest3/vivado.jou
# Running On         : cachyos-x8664
# Platform           : cachyos
# Operating System   : CachyOS
# Processor Detail   : AMD Ryzen 5 5600 6-Core Processor
# CPU Frequency      : 3559.932 MHz
# CPU Physical cores : 6
# CPU Logical cores  : 12
# Host memory        : 16663 MB
# Swap memory        : 33842 MB
# Total Virtual      : 50506 MB
# Available Virtual  : 36935 MB
#-----------------------------------------------------------
source run_sim.tcl -notrace
open_wave_config {/run/media/mkaan/HDD1/Documents/RISCV_PROJE/Hornet_RISC-V/HornetRISCV-vivado/HornetRISCV-vivado.srcs/sim_1/imports/Hornet RISC-V/HornetRISCV-vivado/barebones_top_tb_behav.wcfg}
source barebones_top_tb.tcl
